// Vitest Snapshot v1, https://vitest.dev/guide/snapshot.html

exports[`generate css > builtin icon 1`] = `
{
  "css": "
.vp-code-group [data-label]::before {
  display: inline-block;
  width: 1em;
  height: 1em;
  margin-right: 0.5em;
  margin-bottom: -0.2em;
  background: var(--icon) no-repeat center / contain;
}
.vp-code-group [data-label^='npm']::before {
  content: '';
  --icon: url("data:image/svg+xml,%3Csvg xmlns='http://www.w3.org/2000/svg' viewBox='0 0 256 256'%3E%3Cpath fill='%23C12127' d='M0 256V0h256v256z'/%3E%3Cpath fill='%23FFF' d='M48 48h160v160h-32V80h-48v128H48z'/%3E%3C/svg%3E");
}
.vp-code-group [data-label^='yarn']::before {
  content: '';
  --icon: url("data:image/svg+xml,%3Csvg xmlns='http://www.w3.org/2000/svg' viewBox='0 0 256 256'%3E%3Cpath fill='%23368FB9' d='M128 0C57.328 0 0 57.328 0 128s57.328 128 128 128s128-57.328 128-128S198.672 0 128 0'/%3E%3Cpath fill='%23FFF' d='M203.317 174.06c-7.907 1.878-11.91 3.608-21.695 9.983c-15.271 9.884-31.976 14.48-31.976 14.48s-1.383 2.076-5.387 3.015c-6.918 1.68-32.963 3.114-35.335 3.163c-6.376.05-10.28-1.63-11.367-4.25c-3.311-7.907 4.744-11.367 4.744-11.367s-1.779-1.087-2.817-2.076c-.939-.939-1.927-2.816-2.224-2.125c-1.235 3.015-1.878 10.379-5.189 13.69c-4.547 4.596-13.146 3.064-18.236.395c-5.585-2.965.395-9.933.395-9.933s-3.015 1.779-5.436-1.878c-2.175-3.36-4.2-9.094-3.657-16.16c.593-8.056 9.587-15.865 9.587-15.865s-1.581-11.91 3.608-24.117c4.695-11.12 17.347-20.065 17.347-20.065s-10.626-11.762-6.672-22.338c2.57-6.92 3.608-6.87 4.448-7.166c2.965-1.137 5.831-2.373 7.957-4.695c10.625-11.466 24.166-9.292 24.166-9.292s6.425-19.52 12.356-15.715c1.828 1.186 8.401 15.814 8.401 15.814s7.018-4.102 7.809-2.57c4.25 8.254 4.744 24.019 2.866 33.607c-3.163 15.814-11.07 24.315-14.233 29.652c-.741 1.236 8.5 5.14 14.332 21.3c5.387 14.777.593 27.182 1.433 28.566c.148.247.198.346.198.346s6.177.494 18.582-7.166c6.622-4.102 14.48-8.698 23.425-8.797c8.65-.149 9.094 9.983 2.57 11.564m11.763-7.265c-.89-7.017-6.82-11.86-14.431-11.762c-11.367.148-20.905 6.03-27.231 9.934c-2.471 1.532-4.596 2.669-6.425 3.509c.395-5.733.05-13.245-2.916-21.498c-3.608-9.885-8.45-15.963-11.91-19.472c4.003-5.832 9.489-14.332 12.058-27.478c2.224-11.219 1.533-28.664-3.558-38.45c-1.038-1.976-2.767-3.41-4.942-4.003c-.89-.247-2.57-.741-5.881.198c-4.991-10.329-6.721-11.416-8.056-12.306c-2.767-1.779-6.029-2.174-9.093-1.038c-4.102 1.483-7.61 5.437-10.922 12.454a52 52 0 0 0-1.334 3.015c-6.277.445-16.161 2.718-24.513 11.762c-1.038 1.137-3.064 1.977-5.19 2.768h.05c-4.349 1.532-6.326 5.09-8.747 11.515c-3.361 8.994.098 17.84 3.508 23.574c-4.645 4.151-10.823 10.773-14.084 18.532c-4.053 9.588-4.498 18.978-4.35 24.068c-3.459 3.658-8.796 10.527-9.39 18.237c-.79 10.773 3.114 18.088 4.844 20.756c.494.791 1.038 1.434 1.63 2.076c-.197 1.334-.246 2.768.05 4.25c.643 3.46 2.817 6.277 6.128 8.056c6.524 3.46 15.617 4.942 22.635 1.433c2.52 2.669 7.117 5.239 15.469 5.239h.494c2.125 0 29.109-1.433 36.967-3.36c3.509-.841 5.93-2.324 7.512-3.658c5.04-1.582 18.977-6.326 32.123-14.826c9.291-6.03 12.504-7.315 19.423-8.995c6.72-1.63 10.922-7.759 10.082-14.53'/%3E%3C/svg%3E");
}",
}
`;

exports[`generate css > custom icon 1`] = `
{
  "css": "
.vp-code-group [data-label]::before {
  display: inline-block;
  width: 1em;
  height: 1em;
  margin-right: 0.5em;
  margin-bottom: -0.2em;
  background: var(--icon) no-repeat center / contain;
}
.vp-code-group [data-label^='farm']::before {
  content: '';
  --icon: url("data:image/svg+xml,%3Csvg width='285' height='280' viewBox='0 0 285 280' fill='none' xmlns='http://www.w3.org/2000/svg' xmlns:xlink='http://www.w3.org/1999/xlink'%3E %3Crect width='285' height='280' fill='url(%23pattern0_22_3)'/%3E %3Cdefs%3E %3Cpattern id='pattern0_22_3' patternContentUnits='objectBoundingBox' width='1' height='1'%3E %3Cuse xlink:href='%23image0_22_3' transform='scale(0.00350877 0.00357143)'/%3E %3C/pattern%3E %3Cimage id='image0_22_3' width='285' height='280' xlink:href='data:image/png;base64,iVBORw0KGgoAAAANSUhEUgAAAR0AAAEYCAYAAABhpyLIAAAAAXNSR0IArs4c6QAAAERlWElmTU0AKgAAAAgAAYdpAAQAAAABAAAAGgAAAAAAA6ABAAMAAAABAAEAAKACAAQAAAABAAABHaADAAQAAAABAAABGAAAAAAylfxlAABAAElEQVR4Ae19B3wcxfX/zNxJ7hWMrZMA0wklmF5DbDo41GBqEgwJ2KHIOhkwYFteyQZjbOtkORQTkkDodiCE+qf8sCEUhx6CQ4khBqSTTHGLsS3pduf/nZNkn6Qru3uzt7t3s/7It7c78+bNd/a++2bmzRtC1KEQUAgoBBQCCgGFgEJAIaAQUAgoBBQCCgGFgEJAIaAQUAgoBBQCCgGFgEJAIaAQUAgoBBQCCgGFgEJAIaAQUAgoBBQCCgGFgEJAIaAQUAgoBBQCCgGFgEJAIaAQUAgoBBQCCgGFgEJAIaAQUAgoBBQCCgGFgEJAIaAQcAQB6ohUJVQhIAmB+lKtTOdkb07I3pSSEOd8AB7a/pzTAZTyAaIYTugPlJONnPAfkGYjrmxEmk8o5yuLitq+uPKrW9dKUkeJkYCAIh0JICoR2SNQW6btDuIYJciFEb4XB9FAqvjrn7V0Sr4gnH4M2Q9URrVHspanBGSFgCKdrOBTme0gEBmpDaYtxuEGZYcTzg+HxXIoIXSYHVlW88Aqeh/W0AO0rfXBim9uWW01v0qfPQKKdLLHUEnIgECHFXMMukaHwpo5hFD8EcIyZHP69ipi0EvDzdoypwtS8rsioEinKx6+/LaIXFG0eYfth/IAG0ooxV/gB07bvu3XsNM3E8iENjcqJcZiDMMYyykbizEW/LlOMklhMCg9cnKjtjzpTXXREQQU6TgCq7NCa0doh1FmHIpxisM4JYehEcXYR/KDk2XovjzLSPCl8mjV+8kTyblaP+LGYXqg11higGSoIBraR45kZ6VQSk+vaNSedrYUJb0TAUU6nUh4/POOnWYPaWlruQQ/5kug6ijr6tLNyDMvsIXMK1+jbbCeP3WOSGnVWAz8jqOEnQGrZkjqlF69Q58KRzXoro5cIKBIJxcoZ1HGbTtM260oGATRxMlmpyxExbNiEPUjDKbODzdq92Yj67Ydp+1WrLNzMSM0DhbNwdnI8kLecLRa/RZy1BAK6BwBbbWYSEg7CH4nl1JCBeHE/VGsykiXHrL/BsukBm/499Kl636vNlR1Jh4aQTQXd7/n5++KdHLXeop0coe1qZLqR9wyLMZaKinhYfywe5nKZDsR/R8lxsyKaM3cdCJ+V6rt2UaM8zGGdBnSjUyX1p/36A8g3+z9gfxZ+ZxrrUgn55CnLrAupF3JiVEJstktdSon7tDnOSMXVTZoaxKl14WqzkdXTBDNSYnX8+6c8rfDjTWH5V29PFqhoEf1Kji1QDi3octzHQjHhbrzk6lBVkdKqsYblP8b3a7L0K27FPr0c0GZ3BfJ6YrcF1q4JSrS8UDbR0q1Z+E4d6rLqgTh4/MA20p6GCLO1YFp/S5FUTK6y3fHv9DXHS9CFbAVATdeq1sLL/STOdvPGVBcvEnq9LWPMMUANn8SSyEehnPeZ4l6zx1+bb9gsP84bvBxmG07LfGe9HMQXripeox0uUpgSgQU6aSExtkbC0Pa3jHC/45Stne2JM9Jb0AXcsH6IaReW6G1ptNOG6b1H1hEXsWg+oHp0mV1j9Ofh5u0x7OSoTJbQkCRjiW45CQWM1Q62wLCoXvJkegXKXw94/z4SU0z3zWr8fyQdhRWnb+I9H3N5rGQ7l5MlV9qIb1KKgEBtxfdSaiC/0QYrFX4uRQY4YghcnaTFcIRLTs5qr2B0aV7HWhlseCz2gG5SmQGBBTpZADIiduYFTrUCbnelslbmFG8xI6OYu2YnXxp81BajRXmq9KmUTcdQUCRjiOwKqFJEGgob77p2yTXM16CD80zGHS2lTeZcIwp3JrtMpBkctU1cwgo0jGHk9xUnL4pV6APpHH6dVZaSvOloQ9WRKtvzEoXlTkrBBTpZAWfvcyYLbkbPjGFNYBJyUh7aEnNtQbLHX4hVaISZhkBRTqWIZOTQZj3hkHHwvP395D4nRypnpYy0l3t6LeYqdrOXR1U6QIBdG/V4TYC9UO1gUYv40gE5DqCUPYl0ckqxNnbEAgE1pO2wAbSv2lD26bB+zASgHXEhYXkz8WJlB4Psn3ZDt6R0AzRPSuzkxd5PgDhOOfrY1OpQs2mSMeHLV8b0k5Cw10JAjrTT+rDu/iWisbqqVZ1XlAy/WB4Lr9jNZ9Ij+n2pyuj1afbyavyOIOA6l45g6ujUrGNyguUkSpHC3FAODfIGSIomVXRnNFjreaJp+d8kSIcW8g5mkmRjqPwOifcIOv/45x0hyRTsl9RMPBHsbzBbAlYDHscQqHebDZ9ZzrEPZ4ebqqZ2PldfXoHAUU63mkLS5pQPsivHs3HYj3Vn+eXakdkqnBdmfZjwo0/Y+jRSoD3jWJmEIHWZ2WSr+67g4Aa03EH96xLjYzQRhPGl2YtyEUBePgeaY3p067/ZtbniWqIunGGFeaEi+UiwxLvZTh/FVvKTFFbymRAyeXbinRcbgC7xdeWaIdgecDbdvPnXT5K6tYPplMyrVzPu3r7sEIqiJcPG02oHGwhn+m9faq8VLVpE7pgU8LRmvtJo1TBSphDCKgxHYeAdVps+95V9GOny/G2fPpMTCcnYcD4fm/rqbRLREBZOolo+O6c/wMq/8h3aktQGDNasyqbtOkSRCkROUZAWTo5BlxmcYxRW6EiZOqQc1mUvoKlI2dWNlUrwsk5+HIKVAPJcnB0TQq29H0L+1HlfXwebIXzX7whayui2u9cA1sVLAUB1b2SAmNXIWItlV5sHI11VEdzyodg6ncIfjRDOszKdfDNX4dVb+swHfwmfkRPds1t7Ru6GUvw5shj0uE6J6w21kZqr/9Wa7aGjkrtRQSUpSOpVeaVTN05QAPjCWFHYsXPyRbEYoU5fZgYxnPh5prnLOSLJ4VPy0gsDv0IZfazmtf76emjWDpRW9msveV9XZWGZhFQpGMWqRTpasum7091Np5QsfqbDkmRzNRlrDJ/gHIasbq/OFZg/wkFjDdViC8SIcgZJbVYkf4XX6irlLSEgCIdS3BtSxxf+czYFYTzX4NsAtvuZHvGW9AVi2ChounodgvKtNMMgz+TbckeyP8hyPsuhCe90wO6KBUcQkCRjkVgt5ENucJiVovJ6RJYPOeZzeTvAWX+Kcam7gz2W3tX+cqFLWbrrNL5EwE1ZW6h3WpLtWnxuC7cacIRSvFxkZC22Kx6YkDZbFqvpMPU939hJU5pbd1yaGVTzQJFOF5pGWf1UJaOCXzbrZvATHSlXNhv3JzF47MB5ShCT9wZ4+Sua6MaBtLVUUgIKNLJ0NqRUNU1mJGaCctjUIakcm9jj23MSn0AS+CfEPwBBlVxnv7w+oAyiOZtzEY91Bt/v12tfZO+NupuviKg/HRStGxtmbY7NYxZ+NGfD8JJkUrmZfo/QoynIfEpUsyeC6/S4Mdj7RAeyhhQHm8tl/OpQTaPCbKBT5LaM9x5uD1fgrJ0kjQRrJsLcXkOCGfHJLclXuKfY1zjeZTz/Lpi8oK2StuSrXDvDCjT1YiJ/JABssEaqXeyrZfKnz8IKEunW1vWllZNxrKCed0uS/5Kl1BqLKlorJE++Ouyh/J7INB/UG783+ailpdv/OrWtZKBU+LyAAFFOgmNWBfS5nHOJydcknhKV6D7tCRgsCXlzdq/JQruIopCPsaCZqBLmDsPZUpB1Po/wtGZr3dRRn1RCCRBQHWvAMqc7a8fUFzcexHe0qJbJfmg72JI6O74rp6SJacSFymdsQhlOuxHtK10xoJ7TmqY7r9A8duqoM5yiEDBWzoIEL4nMzgIh4yWi3vuyWar/sFijbS15oR0MMTevLZB7xLjeKse6kQhkASBgrZ05pdWjWGc3gVc9kyCja1LGBh+H+Mqd+XSskmmKAbD0cWiWrJ7cq/x1xEq9Bi5MpW0fEagYD2SsUvmBYxjeloS4eCN34pxlJlt+safuE044oEFEVRj0eTdzj+8bKXzZagS8gmBguxe1ZVUXc4Jxw9SjqHHOX2McX1ORfPMt730cIQbqydgKQWcGjl8jRw6qKG6Vg5Bm69iC87SwY6RlZxSKRYArJtPxMZu8EM5N9eEAzI5yMxDiUWjF4BcbzeT1k4azpkiHTvAFXCegrJ04uMcnGsy2luM2xSz1mlXN87+Xoa8TDLqdrh5OA+0nASSGw0SaQSZmN7LvLiNzGotoj+GxfOTTOVYvm8wsUxDHQoB0wgUDOm0WwZSCGcjLKXrKqOaGIB29Lhth2m7BYuCJ2L6+yROWk/EGrDNlJETKhq0D60U3FpkTABRySccQj+ubK6C/5E6FALmESgI0qnf/Zpe+ib+rnlYkqdEd+oNBNi6DtvWvpE8hZyrtSOm/5QyNh7SxmNle1wo/n8aRHe61RLg8HgGxq80q/lMps8qvrPJMlSyPEOgIEgntmm7ZxAcPaumE92pDTF6nfattjErQWkyC4IwiDEe0+5nb0tGP8X5PBDOPduumTuLhKYfDcL5g7nU1lNRpv/Vei6Vo9ARyHvSEQPHsBaOt9/QvI1TVu5kd6quRPsFJtLGgyCOB+FsVVUQRr/efSZP+OKG9Vsvmjz5HZwe27ghCGd7k1msJnunomGm2OxPHQoBSwjkNenUlWo/w1qq+ZYQ6ZKYNhKDX47dCJ7rclnSl0hJ1S8xMFwOcjmkm8gN2LqmvLKx5r5u1019FVvgtBHho0P3MpXBViIuwnCoQyFgGYG8JZ260LS90CXKZjeBDwIGubi8uUb64kwMap+AlqrAbNLYni3GP6acTQxHq1/tec/cFb03CIfzn5pLbScV/cf6IXQ2idrJq/IUOgJ5STqwHGgdqV6AH3Uvew1MX8SU9En28qbOFZ/2DrbOgl6/SZ6Kvkh0OrFitfZF8vuZr6I7WQfCcc4ZECpwYszWVtS0ZtZGpVAI9EQg0POS/68MDtF6/DQuslMTzE79AeM34+zkTZcHyy5OIky/H2lSxVm+N9B3zcUVX99mO2ZwXahqCuRPS6dH1vcMOgb7iD+ftRwloGAR2DZqmScQ4E0/Hm/6P9mpDma4flMRrZE+24Pu1LUgwbmpdEI3cBZ+yNNT3TdzHcHHLsFGffeaSWs3DYOvz6So9prd/CqfQkAgkFek074jAl+Keo0UlbN0UP4zbPL2jKU8GRIvCml9N2GqHRvI/TJVUkr5REQQFKE1bB+RnW8uoW2t78ApIGRbSJqMeEiimFU7EoTzVZpk6pZCwBQCQVOp/JKI8RlQdaRldSm/UjbhzCuZtfMm0nYPaP2E5PpQMQ0+vqKx+onk9y1cbWu5At1CRwgHWrxcEa3OwuXAQj1U0oJAIG8sHbvdKgBwK35UN8ps7doS7RAEJcfsE++TXC7/mlA2HtvKvJz8vvmrGqypwYT/xxkrh96OAfWrzWujUioEMiOQF5ZOvFvF41ZO5honpADhYFsUuYQTKa3+JeHGnxOK6XpKyUe0rdcJFd9MXd31hr1vA4i+FydMspVD30Tg+AissCX2tFK5FAKpEcgL0iH2ulWvsb5rLksNjfU77avYDS1VTlgjb1Q2Vh+d6r6d64FY7ygPttrJmixPA8aYakE2kWQ31TWFgAwEmAwhbsqId6vEwkhrx1dBQi+XuXd2xvCgnN5fGZVLOKLKcYspiwiBIMJWEYRMxAUqoq2jMKitCMfas6RSW0TA12M6dmerDIOOndysPWsRq5TJMxIOoTOtxL9JWVCaGx3kex7cBVL5ASXk5usRfOslRsky7Lz5dLhZW5VwU50qBBxFwN+kE5rxe6DzG0sIcX5TuKlmtqU8aRJnIhxsqYuxESw6zdFx53Bth9aAMRaLVMdyg2+XWCwGt5ej+/TC2sHsdW2FJq1PlliGOlcIZELAt6TTvn6Jv5ipgl3v07/B4jir6zX73+ABfB2mqm9LJQH3fg/v5itS3VfXFQKFiICfx3SwYNL8Aa/fZizgvMl8jvQpsV/Wz9IRDvwuH1aEkx5DdbcwEfDl7FU8JETSFdppGpHym8qbqqWsGI8M13bF2InYvibFQZ+CRXVRipvqskKgoBHwnaWj7asVY6bFkpWDReeLKqM1f5LW0gGeMmIerJ+lIJwzpJWlBCkE8gwB35HOoLUiDg05yGw7YM3Q+zwgr1sVKdH+jLKxs0Kyg3+MLtVxye6oawoBhUA7Ar4inXklU3eG2pasHG4YUysbtDUyGry2pGpSmsWb60qHsFEyylEyFAL5jICvxnQCLFiBsZQS8w3CtXBzjZRQowuGa/sZlCD8BNzpkh1cP+q8FbPUNHQybNQ1hUACAr6xdOD8Ngq/dwtWDv10S7AVwbzkHEaAC8Lp4vfSKdmg9PRw06yPO7+rT4WAQiA1Ar4hHQRYvzR1NZLcocaCG7+6dW2SO5YvYRxH+NqclywjxowmYR8sFaQ8GTjqmkIgCQK+cA6s33Hmbrquvw9LY0CSOiS5RP+OGaRjk9ywfKm97LZX4HdT2jMzXYhyynteV1cUAgqBVAj4YkxHj+mXYgDXJOGAHriBoOxyDj0Wq8IUfU/CofQ5xMNRhJMFzPUjbhlmsNZxCKR/MFoN2+Vw/FGsC4OnOeVvsVjs2YpvbpESAiQLNVVWyQh43tKp2+Gm4TxY9B7qHTJTd7FiurJJO9dM2kxpakNVZ6L79ESSdCs5o6diVmxlknvqUgYEOuI5n4NkZ2RIugqEv7BvY3ThBHJ3W4a06rZPEPD+mE4wOB5YmiKcdsx1aVYOGPm3SdvRwEZ4inCSQpPpolgg2xFAPhPhCFEjMVs5f1OoZHn9CG2fTLLVfX8g4GnSEaE4ERXvUvNQ0jsrm2b+3Xz61ClrSzUMHNOTe6bg5bKm4XvKzu8rdaEZDwNTzUYtD9IZWayIxwZyHsziadIZHA/OJfr5mQ90g9ZSEpNn5Rg8iZVD7wtHaxZm1kal6I5ApGTGUng4XdD9uvnvfF9BPPF1b+YzqZQeRMDTpIMBxUvMYoZdJxdURGd9ajZ9unTYA/1X2MVhdNc0CKauk5qu19Q3MwhERNyjHniaydk9Dd+XBMit3a+q7/5CwLOkM7+0agwe1MPMwcm5bjBpQcQNnszKYTXhLLb7NVeP/EuFuEfXo1bWAq2lhYGP69jJNG0qddO7CHiWdBhhZ5qHjS2+tln7t/n0qVPWlVRdjgHkIxJT4PtD8Me5J/GaOs+MQF1IrLbnczKntJYCK/lvXRDSjrGWS6X2CgKeJJ363et7YdbCPOlwslgWoFhfdWGiLIxDNBOiq25VIigmzutC08RYXJ2JpLaSGITcYCujyuQ6Ap4kndjmNYJwRppDh/4z3KQ9bi5t+lSR0PSjMSA9JjEVYgrXyBorSpSb/+eBOjj97eJcPfnYSGlVksF+50pUkuUg4EnSYRasHCrRyiGcCYe1rQcIaAm2G75z6wV1YgoBkMF0WIinmEqcTSJObxCB6LMRofLmHgHPkc780NQd0Wc31bXCg93aGohJGUBeBJ8geL/+fFsT0O+pmq3aBofJs/kh7SiQN1bk5+TYaQsjKixsTqCWV4jnSIeSIhAO72eqipQsvr5h1n9Mpc2QaBM3QDh8585kGDyumbRa+6jzu/o0hwAl8RAgReZSZ5+KKtLJHsQcS/Ac6aD+x5nGgHNpA8iYnt9q5cCCeroiqkmLxWO6Pj5PWFdaNRlk7Xy3KgEn+HIditAjXbrFCbfVqQcR8BTpaEQLUmKYDUnxDoKtPyUD09qy6fvDPT+hS8fV9LhFYEWQNW7QKovZ5CSnRJGOHCRzIsVTpDMwJKwcup2ZmsOMl2blUIMmPrQvgMz+ZkYHlSYBAU6ugLU4MOFKDk/5qbVl2tAcFqiKygIBT5EOI7zLdHW6esUIk2LltJfBjuwsi1KmrJxOMEx+1o6Yvi/Gw35tMrkTyYZS3TjVCcFKpnwEPEU6cPgy1bXCuMHya6PaJzLgqB+q4e3c0aXjZFlF4wwps2EydPOLDEYDgnCKXdWXMkU6rjaA+cI9Qzq3D9P6g0yOMqn6MpPpMiYzehmwcmgfkdAg9A8ZM6gEXRCo33Habpy6auV06KO6WF0axsNfPEM6bUXmZ60MTl+RhSmn7eusQHhvTG7SHpAlt1Dk6EZQWDkujeV0QVl1sbrA4d0vniEdg5PRZmACOTQjHOn/M5PWXBp6nEgHh0Rl5ZgDbGuq2rKppQDusq0X3D5RXSy3W8BU+Z4hHdphcZjQepmJNKaStI/niHEk/i5Wkf/RVCaVaCsClBedD+yGb73g+gk/dc72c0wH8Hdd3QJVwDOkg4d36wxSurYwCH8p3X0r9/Ri42iRHtaTGjy2AlxnWs7P7jz1yOfQ4l6bD/WILkqNFAh4YguaSOn0I1Pt1ttdb2xLIm9jO0pPgPwYZYaUVerddc3me/3u1/TSN24XJ2Ia1DcbxGiobLi5MRuZMvOKeDZ4AXgupg22HxKk87LMuipZchHwBOlgNfcRWHqQ8YBFslzqPkhUdK3oY5Mkrd/KWAGTCWpDM2brm3iYMN5LZOEGgzXGCKLw/Qs4PRTA36So9pVJcY4kQ3TFs4WJ6LUDWxAd4jWdlD5dEfBE94rzbc55XdXr/o0+1/1Klt9HYfbKU1YOlhPU4beMAFU0Tjhd68f3hyf2bFg9H4KA7lhQMv3grvdz801YYeDAs3JTmsVSKFXdK4uQ5Tq5J0jH7HiOWIgpC6AOL9r/bmj0DunEA8JzPilzHekgYPZbg7J3QD41mdPLTWFsGnIWusO7ypUqSxrfOTJCGylLmpIjHwHXSWdeSNse1SozUbUoZpjeM5HOVBJK6UHo1j2GRaYxUxkcTiTGtTg3bIT35NPrSrRah9XrIh57kXltALmrfgGzAf27ZFNfcoSA66QTILqpfa3Q3XhdKiaMHoSgXXJl2lRQbJ1MeGAh6jjEjgh4BIexBfLddvJazbNw+MxdkMebXauOylCEu7BaL5U+dwi4TjqEBEySjrFCKiyc7lvRqEnrrmWjGw8Wg3B4VuMzsNouxw6aD96x0w22iMus/nqg7TjommS8yayEnKQblZNSVCG2EPAA6ZjcwZMSKVvMbEOJe2L6GWMy2DyOj9uml/0zjHld1BIrfgXBtKTIS6aJQcwO+ifLnatr/IBclaTKsY6AB0iHmrJ0mM6kWTrCE5kbxr3W4ZKbo303Az5FrlS6P6aNF0dKZyyqL9XMjJVZKh4za4dZyuBKYjps4Y5ayJWiVaEZEfAA6Rh7Z9QSCcolbaYnyjJ6kVGVzTNfMVOuU2lAOGMJp3c4JR+zS1foBhdWzwRtX01K2In6Edo+sMoQZdH7R6zNUNaOR5vJA6RjxtKh0qwc0Q6BIFnpZnuI8KiU0784rgMlu8LquWvQWvKeiF+cbXQ9g4kwIP44OGOKdDzaVK6Sztzh15rb9YHIHc+55mst6lZ73DpkyiBqsL9g/KV37nTg+4J85lGDvx8JVc2w61SIkCK+8fZFrG01mJy7B8xSSS4vg+gP0sHPL+MheeYqY3nOJejVp7ewcPZ0roS0knfCtLxmUKpFSmYs44w/DZ+bpyY3ap+lzdVxk1EyykxrmZHlfBo20vkyVAl2EHCVdHqTQL8Yyeybh7AXkmeu7ECVfZ5IaIaI2SMWmbp/UDIaXbzRWFYxDzNob3JOljNivL5lS8tLN6yds767gmI8RyfkQHMvie653fjOt3Oi1MjON5eQtpYrhOyAwZbIHGt0Ql8vynSVdAyim+peyZy5cqsRRLcGZV/mVvnpy+VHgtiPRCCzMCwxEumjvQkD9GX8vYRO4AfhVdo6nRognGTrwdJLdvGu9N0h4sTb1oZdSOi+ol464xrGys6raKxZ4mI9fVc0ZkDdO+rKag7nhr48kwbhaLWrembSL9P9BaGqSxF/2cdBwvhm/NA+RT19NU4i87m5bZg2oqiINyVra0q5Ip5kwKS45upAMtYambB05M5cpcDBscsLSquP9zfhCGjiget9RThCa6zYP058yjiKikjKfdYwSF87v1Rza5xORvVyKsNV0qGc9DdRW9+O59SNmH6owY2XTNRRJXEAAYxXHS9DLMirEmNZP0kjq4xxMivNfXUrAQFXSYcTM5aOP2euFoa0veEr8lYC1uo0xwhwwk/Mtkis4D8WUdSwVCXTwcfVllZdkimVuk8QisnVg2XsXiFi3lpXVbRRuFh+ECP8YxtZVRaZCHB66IIy7TS7IheFtL6cCsKhRWZkUM5+biZdoadxlXTMjOlwSn1FOpGR2mCd868lPlirEBb0bsL5r4hBd4kPjhYVY10R1ySWkbeiDMP+YtpNhAjCseCFzU+fH5qOWT51pEPA1SlzGFqwdNK7m6Ff7hvSWUzGBRpb5eqLaeyplY3aQ4mNGP5yqphFqcY0PD6olnhPnfdAYDwiCd4XbtaW9biT5gIGhn8For8mTZKktxgPCGvn/aQ31cU4Aq5aOniDG5naAfGTfUE6GkzxxtA+mT0dM1W46/0PWzdvfqbrpYRvBnN10WqCJt4+ZQhyb+GA7804xvl9FrJsS0qNcxGN0t3f1TZtPHnmNjgbMqESMAzPk46I/DeI8B8y1cXqfczuPZnMO7hTTmts07ud5+ozLQJnwOs65ZR3Yk5BOCI0SOI1a+d0r4Gl5FxreQortaukgz2K1meCW+9V5GnSwcrt3XmwqDlTPWzdDwTSRjYsDvbNKtqgLZ1MZoI3p8dcHfg4QTzaMC2pm4aI1Y1lKnOyI5wOcDg5ySRMBZnM1TEdyth6jkU/6Y7BtM2zpCMGDbFyW1qw+G44rKpoqPpHt2tdvzKjBGM6Xa+5/+0r6DQJ09V/dV+V7hrwcQOLSCniSd8TNHo/Xd5807diP3ZqBM5ClCWM35gJs9JdZs/vaJEjel5VVzoRcNXSwYhOpu5V7NJV2pZOZb30Kfw3GGFOEY6o6rJM9cWeXZ6KjofXxxuUBE/C5xmZdHfrPgjhKMST/qPOWr7BSvul1Ag2gGx+J4tw2uvF920PeOZWLb1drqukw2DppIeHYs2P9w6Y6ddiB4ZXnNQMP4zvM8mnOks1pvMSflx3IDJhmFF2Qm+dDhdT7ZxRsfL63kxybd5fvKGNnsxbN29A2RfZlJHbbFhp71SBOjNeqy3Rbroda7acKsOvcvF8uHfMHT5tl2Ag8EVqDfi34WjNDqnv5/4Otvx9MDc/Kv4w6p7xxwsCxMZ37Rv0wfJZHtDpg5NWax+lQgbT7Bfird5lCj5VWtPXOakNN1VPFukjJdoVhPJFpvMWREL6KMYvl/Rpan5yArm7rSCqnKaSro7pBIqC64mRbkzHO5bO3OFz+xUFNoqIf6ekwVPeLU4xXpP5wAaETyCV+DN1wII6Ix3ipoQkJqJ0MnTYutkf/KrOlCo/sSzfnvPz4eR6/qaSki8iRHsYW9P/2WzgNN9WOY3irnavNjRkHNPxxHhOfajmwGDwf0tzRjiiwSiVPjNVF9KuRh0uSPM8WLolfkjhxm2EU1em/RjWlu1lB5YK92NixKyGFTiVceODupIZd4pdXf1YjWx1dpV0Orb0jaauhLuWjljSECmpmqUT/T2MjxyaWk8n7vABMh/K+SVVP8eM0kIZmqJ7GUW4jqPhKd3FnwVGq2cHkGXUW54M2gfkPJFw9oaYxof388/kyfa+JFdJpx0e+nkamFyzdDCt+msiljRQOjWNfg7fYuNlFBAprTmSUXqPDFkwwd5EF+3IyVHtje7ysJ3v5d2vqe+ZEODC+/kp+Aj9qXbE9H0zpc6H+64OJAsABdj4GC/OexyUvgLzfXSP6w5eiJRpo6lhFHEjEKSMF+ncKApgHhjuREHOSBBTQAEsFwsivKcYDwvijRUU38V9uMwEGeF98H0wuh6D8H0wwiIMxo90ELo1g5Fe/PW1oj5M8UMmNc1MNUuVURTWHY1EPZ5B+ftkTJwhAR6WR9ZF6cWwUHssX8Eb+wSso3sxgwh1Ow0CsETXE8rmbSgi8zSPuoqkUd/0LVcHkuNaUv4Fui49FcbK6vWN5KqeN5y9Em7QljlZwiKyqKhlxKrBsWCvQUQngzGrMQwBRnbH4tc9QFK7YyZqD5SP7+2HwdgVOJvQ+d3K52JsstewlggLJ2vCgYUzpyKq3ZCqfJDaRUlaMVVydT0JAuLlhPafObiVnlUb0uZVRrVHkiTz/SXXnxOAi4eVP9iJJID/Hq/Rq/MV8M56ZvqsLavZn+qxH+PNtz+8ZTdj+rw6U57u92tLZ9yP9Vu/6H7d8nfKrww31tyZKh98Ufq3FvH/pbqvrttGYDGs7nkVzTPfti3BgxldJx2x8ZtB2TtxbDj5SxFrnXh14+yMjnEexNJTKmFM6jYQ+HXZKkUpPb2iUUu7BgyD7Rdj7OuBbMtS+ZMhwNtElwudgXmVDdqaZCn8ds110hGAYVwHDr58YkVTjXIqk/AEwUGvAlOzkexE8W8Nwk+eHJ35fiY5WE7wD3QND8uUTt23jwC6r5/gN3JLuKnmfvtSvJHTG6QzXNs1vFpL45nsDbC8qMWc7a8f0LdP3wG6Hhtg8OAARo3dEPgr27GAdwJG62nlzbO/zVTnCNqOBHi6GchMItR9KwhQUofATddPIBN869nsCdKxgnk+pxV7uweK+pcQXS9hLDgCg4rwSuYlIJH4p5gVgwUzAIPOCM8gPsUfDcjEBKEdHqts0s41KxM7JdwCPW80m16lk4AAZnUp1adUNMxMH4VAQlFOiFCk4wSqSWRqI7XeA9rITgFu7IzbO2EP8Z3xY42fYzyknVQIGZgka+4uJayhMlsousYieJklNwCzsm2lM+gYdPVGgZwPQP5RHX+2RHk80wa4ZUyBg+ZdHtezh3qKdHpAYv8CAkHtjf3A9xKEAvNjJ8QK6iQVfPLh9iU7nxODzpMwJV5vpaQFpVXHG5y+ZCWP82np2R3r0bYWdedwbYfWIN0fQdr3Bxntj7aAdznFp/8P+Pb8nhaz68XWz36pjSIdGy2lwf9l4PdkFBwE8UZtf5ui8Q8EmL1tiHM9C3Q/qzJa8zerisAh8En8gE+3ms/R9JReCofSezOVsSCk4aVgnApr4TSkFX/u+6xlUjr1/XdgLU9BvV9OncQ7dxTpZGgLEcYSfjIHYr0ITHUaN9cBmgRnuwwF5+A2rJu1mIo9Dg/rB3aKE7OOdvI5mgcxhMJNWp2VMhYNuXXQpr5bTkSeExD14ES8SHa1kt8baalOqTGlorFmvjf0Sa2FIp1u2Cwom7aHwdkJWO5wIiwAmOGkrFsS9dXTCHDNjiNlYpXg43Q6CBmLV4UVRz3dLU7UW5xjIiCCiYDK7te99L3gSeeOnWYP2aK3nIi9qE8AyYxB42xdguClhlK6mEWALsSYTrnZ1OnSLdoVFtCWTb/ALrOT8Wzski6tt+7R+4DBeG/ptE2bgiQdTPMeh+nn0TCjsU81/+k2ONSZ/xGgD+IHl/3SjwQgItvfVMKLiydjuU48OmLCLYundDWet4/x3I22mNFycvywn66IVntrvK2jFgVBOmKbGKYbx2Ow7Vj4vIBkeKnlVlQZ/IEApc8xg03XAy3NlQ03N8pUWgw+64Qcgx/NMZCLPzETluygX4KgPsZC5o91YnzMKfuYMfLvzmUM9UO1gW29jBMxTohxJOrgGBJ9EwR8VDIN3byWt6QjiAaL5U7FupVT8XY51U2QVdmuIfANftRiC+ZmEEQTZhtF8LGvEarkK9JGvtrcuvnrdJsZ5krrBWXaabrBx+LHKGbRRkou9zME5d9LssysxOUV6XTsYXSOIpqsnolCy9wAYnoTMz9vYtxmebhx5ptuASDCnmwKNY3FlOBp7QQkyyKn38PiwSysN468IB0x44SgW5ehsS4DrJ7aPcIbzay0sIYAfRNB2ZYzZryJvc3eLG/UQEy5PcSSmKJg39MwGwXrh48FMQ7LVgOxDVG2MmTk94QSdisyv3T6AZjavgyVEGSTdLtYu7JVPoVAAgLt1hAhr8UIeeHaqPZJwj3HT0WsbtZKToNP1Tnwcv+5/QL5argTjLCfX05OX5JO+8pmAl8E/lvAgPE4dSgEcorAVyjtBQwWv4TNDF/PpSWEDfwOwaD0RbDEsCearaU1H8LiEevSXDt8RTrjyLjA0aEfVaIbhalLfzltudbCqmDHEcCPaDnGg7Dym71WHOj1+pVf3bjW6ULFerItIB8aJ6C4E6uVIl8A8ZxsJYPMtL4hndpS7TyE3hTWzeEyAVCyFAJyEeA/wC3j71hY+gLRgy9UNletkCu/pzQEbTung3wsdL3oEgwun9dTmvNXfEE62CRuHt4kWTpmOQ+mKkEh0BMBQUDGixQk5HT8G+tdL3eIx9OkI6LiFRf3XoSu1IU9GzN+xcAamS8xuPYlHP/Wwx8HW3jQ9QjruB6rh/FprMduCuuZYaxn+NSN2PpgMLh+S2u/9detvm7TInJF8IeyfsG2LUXB4v59A3orCfZpI0G9GH86tpUJkqBhYFsZgwWCAXw32oI8/inOSRAX++kGGQgLbCBlBiL30YHwBRkIb+f2P0oHQMvt0fdHIC4SSlEHdblAEMCL830sqXjBAAlNbqz5P6eqbbHrdQ+6Wpc7pUsyuZ4lHex6uCc2IVsIpfeEkp9g5P4rbghPT+NLDN59GSNtX06O3vx1skp59Vpk55tLWOuWELbOKgFphfAGLAFJhuC5ClLiu6GeebF63av4e0yvz6DPE3ihPopuzntO6Sa6Xlh2gdldMe2e6kBYjKh2W6q7sq97knTmlWjHUqavL+qz7pPylQtbZFfaq/JAPDRSVrUfNeh+2HJ2X06N/WDJ7Qt91SJUrzaaHL2ewDjQo9h26VGIg1Es/2gnn/hs7wlJpXP6c4QEeTzpPckXPUk6kuvoe3Ei1OmQFravzmKCkLAXlthX3cDuC7SX7yunKpCAAF0BxlnMSOzRiuisTxNuSDuNhKrEUAVcTehPugrljZSx0yoatA+7Xpf/TZGOfExzJrGuTPsxMYxDMX51GOX0UFhKB+ascFWQgwjQNgw8w+qhj2bac8yuEoi0MB4By36Lrte2rYM4WcYDG06rbIhstivXTD5FOmZQ8kka7DEeHBAiICDjUFhDh6FrhrcZ39En6is1kyHAyVuE0Uc5DT5a2TBN6qp5URxmhq/kxIArCt2to3jHB5YV6SRr6Dy6FimZ9iNKg4iCaJyEBwuhFEhxHlWvkKqyDi+SRxH4/9FJjTVLZVZcTHDwttZyzLKG8Yygy87LsVxCTOI4cijScQRWbwoVY0MDW8hoRvlPMXYgBhQP8aamSqu0CKAbRBhfTIrYwzJ3gYiEao7GWOFVIJ0LOaN7IP7PyrR62LypSMcmcPmQLb5lDqLYwTVBkBAsITI0H+rl/Trwb2FRwN2Dfg9dN2EsbjN+iPgkm8QnfvT4o33xvS++d3zSPkjbF75og/C5Paye7ZCvBX5hD3GdPlzZrL0lq96R0upfopyrMI1+hCyZiXIU6SSiUcDnCHo2lOodQc9IPOiZIiD7z8M3yPoZxtQ+NQhZifjbDVig2RAoCnxNen3TIMsNBM6tRbFhoe1ijGwPL9ntERNou1DTfk+cR87T7avenrN+xI3DdFZ0ZbZB7pPpkZeksyik9f1f/K3Q1i+ANwbDH1oBn0G8NXg/PAg4j+9K2f4mYUYAXsWtCCvZJj51uB7jDdJKeaCVMx6/Bke++Cc3WBscFTeikTcW408vIhvXryIbMYiLqAf5cSgCMtOOHP5j9FN41cDJj36KtU+fIXjcp5vZps9u/OpWxxd8mtFQRpq6sumHy16+4QvSEYz+Q9lOO1AjNhxTxMNJgA1HY+8AE3A4zExsERJf4r8DGr/zXAbeFmWIh5BsbP9jHZ9YlkFIFD5/jSCxKMzlKDyRo1hSEV3TSKIgKvCftw9FQKJ9uPCfWY6AXh+gwT4zePDTa5umfentlvOudp4mHTgyPYAf7AHwJQCh5GNEQNqEBkDcXgPxWRjMcONzvDFXGjr7PNysrfLaY7OVgBg9B6R/jtf0k6TPGnSFllPGl8PqXd7SumX5lO9ug+GsDlkIeJp06kJV58M9/BFZlfWZHHTX6OdYzPo5SHclxgf+xXSyfNJq7SMv1KN2hHYYDSCQFOcXQ5/tvaCTTR2wu6mIkUyWowu+fHKjJtZEqcNBBDxNOnOHz+0XCGzED464HmLRwTawKlp03eJvYZ3Rf4i3MsJnfmdViKz0Yk8oUlx8MdroIj94RIO830d36XksHn5+fW+yXFulbZGFhZJjDgFPk46oQm1IuxtOSzldem8OOk+lgj8FfR0OgH8PGggk3qz92w3thGUKPUA+BFvyeuSg5AtikNfQfX0pZvDnr1utiZkldbiIgA9Ip+pMvJ0QAkAdZhHAj74ZDfsqCOBtxG55N9ay5Z1cjktgU7qjdMLj1g90HmxWbznp4r4vIBnyGqzAZdjX+x05cpUUWQh4nnTEeqJBpVxMTe4qq9IFKGcdxsaWIhbRUqazpbkaF4rviMn55RgvuRqYO0c+nHyE+r0YQLD03pS8OiGqbSrANvZNlT1POgLJSEirRz/8Gt+g6nVFKX8bs4JLsafS0mC/75fKclZLVW2xL5luBK7GwybIh6VKZ+069qYi/EXs2PkixrSEZaMOnyDgC9KpQ1AvTvkrPsHUV2riAcCUPVmGLuzStlhs6fXfzPrcqQrUj9D20Rm/DvLH2yuDvwjOQrhPHeE+Z/7TngyVy20EfEE6AiRYOy/A2hGrpNXhJAKUvkK4sTRI2KPXOLSpHGK5jEJbTjfn60PfhT6PBSn7q1P6OAlnOtn1Q7WBvG9suGEUw9EVTq8Mf3B6RRzlAXjJDoA7AmJss/7xz3i8bT4AP9j+6EriuriX6eBtGNf7AalEdxN/4tzo+Gz/Dnkda7447nGsZCdfGAZvJoFAU68W0nzVt5qYLZV6+Il0LgMof5BaeyUsDQJcx8ONUAoIJBXVnkyT0PatuK8PIzVo1557MFFyNyN8McI4/J/tAlzMKMJF0Na2PbBkZk8E5NoFQfuH48fW4UUvPOjZDqi3WMTp4YP+Gos+/yhbQd+QTnxv50D/f6Efv4tsEJS8DAhQ+jam4x8V1o8Tu1mKkAqQPxMPo9hF4+7Wtj4PT/luiue9gLFKf/sA1fegJLAHovDFCQbPJ77TPYBo/wyoev62QeleTjhL+oZ0RAvVhWbMxnTwDZ5vrfxV0LFAUl6GrH73+l5k85oDdWIcSDk70OD8AFgvIBY6xMt6Z6sbtqZxhB8cEZptZVPlry+tOUDn+gep7qvruUMA65KeRffgjxVNNY/lrlTnS7pjp9lDWvSWA+FecCAHwcAx9UC86PZxvmTPleDYnue+Ih3RLJGSGUsw2HWu55qoUBUSUexAPuGmmvv9BsGtQ6YM6t23z0/QtYtbMB3LOEb6rR4O6XsvLJ1LnZAddEKoozIZvxc+Jop0HAXZgnBEHkQ3YzReBlcjgPid4UbtXgu5c5pUxFnaRI0x6CKNAcGMQeEHYUEtPmDP4J86tiHQvkZt23eZZ76zdETlsR7rcTwmZ8sEQsmShQB9Ch7Idzu1dYoVLbV9teLBa4wxiLk0GjNxIv7vMSAYXz7zVuotIy22yT5CdvCuTr38Z+m0a34XPhTpdLai+58fEsoXB/S2u8ubZyP+rzsHrBUaGVF1LKGBozEmcwxZy4/GnmAD27Vpt2jc0cxvpdJPnSIcgYRvWR/Ogoizw7GqWR0uIdAAo+ExbInylJu+NPFYvrToFIQKFb4+o/FMlLqEh8+KpS1wOhQRLRtgBTaBsFeDs1fjezNC864ON9Y841SF/GrpwFImd2EVjyIdp56MlHL5v/ADv7eIFN93deNN36dM5uANEcOHFwdPgefuyQi8dQqIBjskqDGZRMhhTSA8Lv0XcGmEbdEIeBrg8dyIGN+rOW1b/b8hRau1FdWtiXlyde5bS0cAhE3h/wyz/pe5Aqugy8HyCM6N+zZE2X1uxHaeH5q6I+GBUwKMnYyxX0E0/Qq6PRIq30Ew7+JN/C6l7F0eLHo3/OXUpoQknjr1r6UDGLEjw12MEEU6zj5SWPMWn5V6wtliekqfO3zaLsEgO4XweNcJXSjeq322qWfaQrmSjGAqPEwwydrF15aOqBD2Yr4H/dFfJ6ucumYfATwYn6DPXwvnv9/bl2I9p4jBg0D1Z2JtkhijERYNwuQU7oFn+320xd/8YMGYbSVfWzqikgYnd2HwS5GO2RbPmI5uRv+/1giQ2sqG6jUZk0tKEBmhjSYBcgGWGFwIywozToU6RkNb4A6yFGTztEH0JydHb/5aEsSeEeN7S0cgWVcyYyZW807zDKo+VQQYPgCnsPlw8MvJUpM/YW/1ta3GhXgIBdGc6FPYslYbmP8XJLMU0/vPbygiT+Z7sHjfWzqixVm/7WbFfvj+JFg8h2X9BBSmgFfx0NdWNtb8LRfVn4dgXgFGLljXykE4dPdclOm9MhBIn4NoGH95cmP1Uu/p55xGeWHpCHhqQ1Wn4wF2JO6Lc/C7LZl+iQegFvFyEA7W+SNSWjUWbXQBwqTCsim8sRp0GN/AYPjj2FTx6YrorE+dR9ybJeQN6Qh4VSxlCw8Zxm2CQTr/mq+1qIVclpP+rvSW7WK89UKDCKuGHGVZgP8ziO2kH0ckwMcnN9YUlEWTqunyonvVWbmYTmYVBciJaOS9O6+pzx4IvIqFmTPCDdqyHnckXphXMv3gAGEXtYFwYNWU5NXbzQROeAafRr0fb93c8vgNa+esN5HF8STiBdDGN++NIPlrr3VpbzRRybx7FuaXaL9glN/veAv6sAA41c3a0ERnOOncNx8xj6ihT6SUTsCPLu+er7TNLrbCocKqMWDVuBc4vrastg/nGw4IGMb+iP63H2bDDsbI555oj2H4ezMcrXHV4szLhwJhFu4Dnf4q7QNSQDfRyG/gYdMqojUvOlXtucO1/QIBDqIhE1FeXlnQ6THjLfhBP4KYPH+tjOZmID5RHxGuYzMnh2CJA4iFIlQH+UXi/e7nmDA4A3o+1f16Lr/n5cPBAvoswwhiCpaX5BJML5YFAriV9V2jObW3FeIE7x2gfAJmYgTZ9PYiBg7ptBJdqIc4ZQ86EUc4lc7zS7U9sYL+SGbQI2BVTdwk/JkAvEmjcqXbhCPqJdTNywOeyleC1W/Py8qZqZTYUE8nM8LNNc+ZSW41zW3YQC9oBCfAdBfWje+DkJuuv4iUSOmDGKR5SMvBTqK1ZdP3pwY9FtbUT+AKexp+sia2nkleG8waHuqFbZbzlnQE7IUa7Auri+fr+sYZ162eh72M5B7x9VCB4AR0J2DZUKzuLogDk2/0QdT3wYqmGc87XWPMwp6FH+YZeGmKpSAhGeXhmZhbGdWulyErWxl52b3qBCUWi11XFAz+GLbnbp3X8vkTP4r3UT8NexVJ91eaH5q1I6VtEymPDxBvh7LyGcqOusGPifIHDd14qLJ55gonKyyIBhvunYOwIQjFy/ug0yTzaAj2/X66TIHZyMr7J6e2pOpszKQ8ng1IvshL6SJSRG4Ir9LWydR3zo5aqEjfOkC8g0zZ3pXFV4BTbw9sZg+Wr9E2OKVnXaga7h3GeZD/G6fKaJdLz8aLKOdRAlLVKe9JR1Q8Eqqagb6wlgoEn1+PweqY7IRXcV1pVRjjAJXAp8znGJlVfw08hutaW7bUTfnutv+ZzWQlXfs2SobwXZpiJZ/ttHgZYS3dRNv5HchYEKQjcMvT8Z0P4ZNUKTtcKMhmHPZ8CuOHcaQDz5xHRdI7EZ+pzomZKLFneaw3+QUG3eeg8rkcdP+Ms0GjKhsqN3sJ9Lwe00kEun18J7AvrsFJKh8O+jBpbZ086btbmmTVJlI6/UgsiYJ1w8eBcGSJ9bgc+jeEvq0LN2vLZCtaP6LmpwYzLtEJv9Sdtzu9ymuEIzB2BwvZrWtSXqRUOw6DdXBPpx7fuD59hRACYXplozYrfSrzd+tLtbKYQSoxaArrpkAOTt4SXSl45z4ss8a1ZeE+1BhwGWa7JuLXtZ9M2VZkYcB/akWTdouVPLlKW1CkI0BFN+simLkP5gpgyeWsYpxVTmqa8VdZciOl1b8EEddA3khZMj0upwGLL+s2NLKIzOUgkeHarvDDLke0xctR/74uY/AadueEX483j4IjHdEMGLOABy0Ve2f55oB7+7OM6pWyQiJEdr65hLS1CrJxeObEOxDjYb8Dg+5zJkW1r2RpFfcQ5sa1kCvIxgvHOp3QPa6Nat95QZlkOhQk6Qgg6kJV18Fh6rZkoHjtmmzHLtT9fE5YNcZt9vJaXR3S51XEtb1Vpne28Mgu0oOT0UWb4JDOtsQalB/n9RAaBUs6okX9MJWON+hVmA6/w9YT2C3TLaU3bteH9xJkc1W3W3n6lX4PP5g5WG80V1YFReB4eArjhUWuliVTnhx+NcaoPL/0p6BJRzS2d4mHN2EzuYkgHCnexXGPV8JBOAQe2oVw0PsIj80JN836WEZt79hp9pCW2JYbIMsTSwl61oneDgdADxJhEk17Xiq8K54jHrFYk7OJeIjek9EataEZ1Xi7VMmQ5QMZ72BB5hw4xP1Flq61JdpNmNm7WZY8+XL487BwsF2PP46Ct3Q6m8krxAPT/a99dDbxt6u1bzp1s/sZDzvR7pB2hl0Z/srHtcHFbM6lq7QtMvSeX1J1OaNsIbqjvWTIc0YGf7e1td+YKd9NccSD2gmdFekkoOo+8dCFsG7KE1SyfQrXgAsQdwUD5XRH20J8khFE/S/sBHJjuLHmGRkqR0ZUn4qgWLdClse7ovTLFkKOvUHibJwM/DLJUKTTDSH8WK+GHw/ebrk+6BQQjpTZNIzf4AeTo7U9uYapZ3l/jOn0xuskWIYLEZAsRgjcCIRHtuePTQGDHlruYqxjuwgp0kmCHPrwp6AP70jwq57F8TZMX49HrJOHet6zdqWuTPsxNwiIKx6HxVpm/6VeB8/sG+GZLcXfakGoega2M9b8AgO2sTlkUtPMd/2ib6KeinQS0Ug4j29zy/jShEtOnK7Dgs1zZSzYFL436ErVYipXStAnJyorTyZ9EZ7ZN05qqsr6R1eL9VGUGfNB1AfL089hSdQ4Ktw4802HS3FMvCKdNNDWldUcbhixJfCVcWJcJEoZPbWiQfswjQqmbrk/FmVKTSmJMHZzS0Vj9VQZwupCM2aDpMU0uI8O45hwdObrPlK4h6qKdHpA0vVCR/yT+/AmPKDrnay+rSStbceGs1wh3r6UoS0C3WDl5P3RgEWUk8JN2uPZ1rR2xHRYN/QPsAx9E1ESP9QtWN5w/OSo9ka29Xc7vyIdEy2A7VV2CAbiYyWXmEieIQn9Z2l0n4PPI+fpGRKmvd2+Yp6DcLw+w5K2GmZvvsx0OmnSau0jsxlSpcMguxgonp7qvkevf8cNOrayWXvLo/pZUkuRjgW4EPp0EkKfihmmYgvZEpLK2egM3SmxjAGEQ4sShOflKeXkrnVD6SRthdaaTQXrQzUHxoj+LB74EdnIyXVeuAN8yWnwzMmNVf/MddlOladIxyKy7aZ5ABHg+OGWsmLrknBT9RhLeZIkhoVzC8In3JjkVt5dwgxiZUVjjbDmsjo6XhZ1WQlxJTNfYVB2jhPRDF2pTkehinRsoC/CT+q90N0yu8JYEuFgOcNCNJgv1tfYgHVrFgzcf65TUoEfGwKu2T/qR9wyLEZb7sXg82n2pbiTE+38ZFEbvfiqb7WN7mjgXKmKdLLAVnj9Ivv1cCY8MKUYSYRTKFslYzbp/8H/ZlK2b/faUNXpWDD7e1ikw1O2jUdvgHTnYqGvRxeWZg+aIp3sMexcqS4ekr5dxEkgnLnD5/YLso0vI/TlYV1k5+EXMX5T0VT922yr5tPB4ni1MYbzG4TiwMxa/h6KdCS1bdyUD7TU4ofTvoG9BMK5fZg2orWIfIa3te2tZCVVz3ExiOQ4FVveZhXTt373+l76pjX3Ay8/LGPogimsG44u5VGw8JZ3uZGHXxTpSG5UDzNjwwAABXBJREFUvGUPwkDv/GwHjTFgPApy3pesnjfFcfarcNMMkIX9Q4QNZTwe+/oQ+1LcyhnfG/2KXOyN7lYNE8tVpJOIhkfO8QP6GX5AT3lEHUfVkBFec35p1fGM08VQdKijyjogHNv9VFY2ZT9D54BqjoksmH2vHENQsuC6Uu1XeBDvkyzWk+I4o3tMbqhemY1yPsZrFSP04klN1b73MLbafsrSsYqYg+k7tvGtdbAIz4gO9N2ud/nKcoSDsX9g9vAGzBzOti/BnZyYobujMlotXB9wWniHIh2PtHkhLdrEnkxZP3fwWVoAIVICnuXuEaCrOSXlCMchuoIFe6julQeaXhGOtUbA6vCHYSIIHynfHJgKv0/X6fUygo35ptIpFFWkkwKYXF1WhGMe6doybSj2HV+MH/Dx5nO5nZK+C4K8Cd2pF9zWxCvlK9JxsSXmlUzdmRB2aiF07bPtUtXvOHM3XY+JHR5GudhkposG0bRiBrIczo6LTGcqkIRZ960LBCfHqrmYLA40hlbchQJ+41ghLgvOlnDivk+EZx0lMHcwcK1vtPmWCeTuttyV6Z+SFOl4pK3ytZuVLeG0r+pnyzzSTOnVoKSuuJXOwSLN5vQJC/uuIh0PtT/iHJ+IIO0z0d2yFjbDQ3VIVCVbwomMqMJWMPTZRJlePBdrxlhQn1f+9azPvaif13RSpOOxFpk7/Np+Raz/TE552GOqWVIna8IJaWeBfP9qqdAcJxZkozMayXZFfI7Vdr04RTquN0FyBbAU4ghmkCuxDvCXyVN492q2hAMnyXFYAOpdXxZ0o4KxYP01q6f/17ut4F3NFOl4t23imsVjIRN+FXxXz/G4qnH1AlvooPI12ga7uoqtdDihj9jN71Q+zEZ9h5XgtweM4tvLm2/61qlyCkGuIh2ftHJ8EajBL0FcnXO9qzI9EbuUvmRXP49aOC+gq/vQhkZ2v0Y0w27dVL5tCCjS2YaFL84WhLSjsDL7EmzHcgnGPHp5Rels4+FgWtxDYzj0U5D73QYPLpkcnfa1VzDOFz0U6fi0JSMl035EaPASLHi8BKa/2zsc3INxnMvtQrmgtHqMwQ1hITG7MiTkew2ezk8GmPHEpIZZ/5EgT4lIgYAinRTA+OVyZKQ2mLcYYxilozEWMgbWz/451v0JEM7ZdssUmxmCcJbiBz/Ergz7+ehTWID5LOdtz0yO3qwsGvtAWsqpSMcSXN5PLCwgSoPw9zFOguFwHEioj1Na4+F57fXov0cvIUt0O2Us3FELxXSCeDJ8Zzv5beTBADe9D7tDvLBuMHkh2720bJSvsgABRTp5/hhERmijKTPgbMgOhzUhnA5DcqpM/0NJ7PSK6KxP7ciDLhSrxf+JR9BBy4w3QbeXUfdlbbHY0uu/Uc57dtpKdh5FOrIR9bi8+aFZOzIaO5xz4whMAYOEBBFZ3ykUXbmTK6Oa7ZXTkdAMsePBZbLgwoOMpQd0hUH4CtTrXzC9Xrs2qn0iS76SIw8BRTrysPStJLGgEt2xUkbZEG6QoZgiHoIfLsZYjKGU0yHYh0qMtyD+cHzcZSgcFsvDjTV32q0wfHGmgLRutZofA+b/Rp6vGCeroNN/Yad/YXD9895tgf/k46Z0VvHxS3pFOn5pqTzRc/4I7TTGjCfR5cHOlfwH8YdN8TbCAWYVZuK+xwP5HUjtG5DfN4yRZqqzJr03iYZXaevyBAJVDYWAQiCXCNSWhR0b2M5lPVRZCgGFgEJAIaAQUAgoBBQCCgGFgEJAIaAQUAgoBBQCCgGFgEJAIaAQUAgoBBQCCgGFgEJAIaAQUAgoBBQCCgGFgEJAIaAQUAgoBBQCCgGFgEJAIaAQUAgoBBQCeY/A/wcdBLcJEpSz6gAAAABJRU5ErkJggg=='/%3E %3C/defs%3E %3C/svg%3E ");
}
.vp-code-group [data-label^='ae']::before {
  content: '';
  --icon: url("data:image/svg+xml,%3Csvg xmlns='http://www.w3.org/2000/svg' viewBox='0 0 256 250'%3E%3Crect width='256' height='249.6' fill='%2300005B' rx='42.5'/%3E%3Cpath fill='%2399F' d='M102.843 149.333H63.172L55.1 174.454a2.02 2.02 0 0 1-1.901 1.547L32.947 176q-1.72 0-1.202-1.89l34.347-98.509l.343-1.035l.114-.354l.23-.74c.114-.382.228-.787.343-1.226c.45-2.291.68-4.62.687-6.955a1.063 1.063 0 0 1 1.202-1.202h27.306q1.2 0 1.374.859l38.983 109.335q.515 1.718-1.03 1.717h-22.326a1.59 1.59 0 0 1-1.717-1.202zm-33.488-21.181h27.134l-.387-1.277l-.621-2.022l-.909-2.896l-1.745-5.467l-1.662-5.254l-3.092-9.789a336 336 0 0 1-2.46-8.138l-.878-3.096l-.948-3.393l-.866-3.147h-.172a139 139 0 0 1-3.136 12.23l-1.16 3.723l-2.79 9l-1.414 4.585q-.383 1.242-.765 2.456l-.76 2.398l-.756 2.342l-.752 2.284l-.748 2.227q-.559 1.65-1.113 3.234m130.518 11.404h-33.831a24.1 24.1 0 0 0 3.263 9.461a17.67 17.67 0 0 0 7.813 6.44a32.6 32.6 0 0 0 13.653 2.676a62 62 0 0 0 11.077-1.216a40.8 40.8 0 0 0 9.523-2.482q.859-.685.86.858v16.315c.028.445-.061.889-.259 1.288c-.196.312-.46.576-.772.773a43.7 43.7 0 0 1-10.64 3.17a75.5 75.5 0 0 1-15.113 1.287q-11.814 0-19.917-3.545l-.52-.233a36.4 36.4 0 0 1-13.394-10.132a39.7 39.7 0 0 1-7.385-13.996A55.1 55.1 0 0 1 142 134.678a54.1 54.1 0 0 1 2.662-16.916a44.2 44.2 0 0 1 7.985-14.597a38.4 38.4 0 0 1 12.88-10.133c5.037-2.46 10.991-3.343 17.86-3.343a38.8 38.8 0 0 1 16.573 3.263a29.2 29.2 0 0 1 11.248 8.495a39 39 0 0 1 6.354 12.107a43.2 43.2 0 0 1 2.061 13.052q0 3.78-.257 6.87l-.153 1.764l-.16 1.674l-.095.848l-.022.179a1.556 1.556 0 0 1-1.545 1.374l-.471.01l-.587.03l-.457.033l-1.068.091l-.938.093q-.383.04-.795.075l-.851.067l-.909.06l-.965.05l-1.022.043l-.533.018l-1.107.03c-1.095.027-2.217-.041-3.368-.125l-1.746-.128a40 40 0 0 0-2.7-.106m-33.831-15.645h23.386l1.992-.013l1.354-.019l.877-.02l.984-.034a6 6 0 0 0 2.49-.825v-1.03a13.7 13.7 0 0 0-.686-3.95a14.03 14.03 0 0 0-13.91-9.79a14.92 14.92 0 0 0-14.169 8.072a24.8 24.8 0 0 0-2.318 7.61'/%3E%3C/svg%3E");
}",
}
`;
